// Jest Snapshot v1, https://goo.gl/fbAQLP

exports[`#Breadcrumb atom renders component 1`] = `
<SubHeader>
  <styled.div>
    <div
      className="sc-htpNat jQagpy"
    >
      <Container
        tag="div"
      >
        <div
          className="container"
        >
          <Breadcrumb
            items={
              Array [
                Object {
                  "label": "Início",
                  "link": "/inicio",
                },
                Object {
                  "label": "Homem",
                  "link": "/homem",
                },
                Object {
                  "label": "Novidades Internacionais",
                  "link": "/",
                },
              ]
            }
          >
            <styled.ul
              className="breadcrumb"
            >
              <ul
                className="breadcrumb sc-bdVaJa Bzosa"
              >
                <styled.li
                  key="Início"
                >
                  <li
                    className="sc-bwzfXH ihlxUm"
                  >
                    <a
                      href="/inicio"
                    >
                      Início
                    </a>
                  </li>
                </styled.li>
                <styled.li
                  key="Homem"
                >
                  <li
                    className="sc-bwzfXH ihlxUm"
                  >
                    <a
                      href="/homem"
                    >
                      Homem
                    </a>
                  </li>
                </styled.li>
                <styled.li
                  key="Novidades Internacionais"
                >
                  <li
                    className="sc-bwzfXH ihlxUm"
                  >
                    <a
                      href="/"
                    >
                      Novidades Internacionais
                    </a>
                  </li>
                </styled.li>
              </ul>
            </styled.ul>
          </Breadcrumb>
          <div>
            <h1>
              NOVIDADES DA MODA MASCULINA INTERNACIONAL
            </h1>
          </div>
          <div
            className="subheader__description"
          >
            O melhor da moda masculina atual e as peças mais recentes das marcas internacionais chegaram à seleção online da Farfetch. Descubra novidades da moda masculina e tendências que grandes designers para renovar o guarda-roupas, de 
            <a
              href="/"
            >
              Salvatore Ferragamo
            </a>
             à 
            <a
              href="/"
            >
              Burberry
            </a>
            .
          </div>
        </div>
      </Container>
    </div>
  </styled.div>
</SubHeader>
`;
